{
  "total_budget": "450.00",
  "total_spent": "286.27",
  "total_variance": "163.73",
  "budget_status": "surplus",
  "transfer_amount": "163.73",
  "category_variances": [
    {
      "category": "Groceries",
      "budget_amount": "100.00",
      "actual_amount": "45.67",
      "variance_amount": "54.33",
      "variance_percentage": "54.33",
      "transaction_count": 1
    },
    {
      "category": "Dining Out",
      "budget_amount": "75.00",
      "actual_amount": "28.75",
      "variance_amount": "46.25",
      "variance_percentage": "61.67",
      "transaction_count": 1
    },
    {
      "category": "Coffee Shops",
      "budget_amount": "20.00",
      "actual_amount": "4.50",
      "variance_amount": "15.50",
      "variance_percentage": "77.50",
      "transaction_count": 1
    },
    {
      "category": "Gas & Fuel",
      "budget_amount": "50.00",
      "actual_amount": "35.82",
      "variance_amount": "14.18",
      "variance_percentage": "28.36",
      "transaction_count": 1
    },
    {
      "category": "Entertainment",
      "budget_amount": "40.00",
      "actual_amount": "17.75",
      "variance_amount": "22.25",
      "variance_percentage": "55.63",
      "transaction_count": 2
    },
    {
      "category": "Shopping",
      "budget_amount": "60.00",
      "actual_amount": "67.99",
      "variance_amount": "-7.99",
      "variance_percentage": "-13.32",
      "transaction_count": 1
    },
    {
      "category": "Health & Fitness",
      "budget_amount": "30.00",
      "actual_amount": "50.00",
      "variance_amount": "-20.00",
      "variance_percentage": "-66.67",
      "transaction_count": 1
    },
    {
      "category": "Pharmacy",
      "budget_amount": "25.00",
      "actual_amount": "12.34",
      "variance_amount": "12.66",
      "variance_percentage": "50.64",
      "transaction_count": 1
    },
    {
      "category": "Home Improvement",
      "budget_amount": "35.00",
      "actual_amount": "23.45",
      "variance_amount": "11.55",
      "variance_percentage": "33.00",
      "transaction_count": 1
    },
    {
      "category": "Subscriptions",
      "budget_amount": "15.00",
      "actual_amount": "0.00",
      "variance_amount": "15.00",
      "variance_percentage": "100.00",
      "transaction_count": 0
    }
  ]
}