{
  "subject": "Budget Update: $45.67 under budget this week",
  "body": "<!DOCTYPE html>\n<html>\n<head>\n    <style>\n        body { font-family: Arial, sans-serif; }\n        .header { font-size: 18px; font-weight: bold; color: #333; }\n        .surplus { color: green; }\n        .deficit { color: red; }\n        .chart-container { margin: 20px 0; }\n        .category { margin: 10px 0; }\n        .category-name { font-weight: bold; }\n    </style>\n</head>\n<body>\n    <div class=\"header\">\n        Weekly Budget Update: <span class=\"surplus\">$45.67 under budget</span>\n    </div>\n    \n    <div class=\"chart-container\">\n        <img src=\"cid:budget_overview_chart\" alt=\"Budget Overview\" style=\"max-width: 100%;\">\n        <img src=\"cid:category_comparison_chart\" alt=\"Category Comparison\" style=\"max-width: 100%;\">\n    </div>\n    \n    <div class=\"insights\">\n        <p>Your spending this week was under budget by $45.67, which is excellent! Here's a breakdown of your spending patterns:</p>\n        \n        <h3>Key Observations:</h3>\n        <ul>\n            <li>You stayed under budget in 5 out of 7 categories.</li>\n            <li>Your Groceries spending was 15% under budget this week.</li>\n            <li>Dining Out was slightly over budget by $12.34.</li>\n        </ul>\n        \n        <h3>Recommendations:</h3>\n        <ul>\n            <li>Consider allocating more to your Savings category next week.</li>\n            <li>Your Entertainment spending has been consistently under budget for 3 weeks.</li>\n            <li>Watch your Dining Out expenses, which have been trending upward.</li>\n        </ul>\n    </div>\n    \n    <div class=\"categories\">\n        <h3>Category Breakdown:</h3>\n        <div class=\"category\">\n            <div class=\"category-name\">Groceries</div>\n            <div>Budget: $100.00 | Actual: $85.00 | Variance: $15.00 (15%)</div>\n        </div>\n        <div class=\"category\">\n            <div class=\"category-name\">Dining Out</div>\n            <div>Budget: $50.00 | Actual: $62.34 | Variance: -$12.34 (-24.7%)</div>\n        </div>\n        <div class=\"category\">\n            <div class=\"category-name\">Entertainment</div>\n            <div>Budget: $75.00 | Actual: $55.00 | Variance: $20.00 (26.7%)</div>\n        </div>\n        <div class=\"category\">\n            <div class=\"category-name\">Transportation</div>\n            <div>Budget: $60.00 | Actual: $45.00 | Variance: $15.00 (25%)</div>\n        </div>\n        <div class=\"category\">\n            <div class=\"category-name\">Shopping</div>\n            <div>Budget: $80.00 | Actual: $75.00 | Variance: $5.00 (6.25%)</div>\n        </div>\n        <div class=\"category\">\n            <div class=\"category-name\">Utilities</div>\n            <div>Budget: $120.00 | Actual: $115.00 | Variance: $5.00 (4.17%)</div>\n        </div>\n        <div class=\"category\">\n            <div class=\"category-name\">Miscellaneous</div>\n            <div>Budget: $40.00 | Actual: $42.00 | Variance: -$2.00 (-5%)</div>\n        </div>\n    </div>\n</body>\n</html>"
}